ninja: Entering directory `E:/Develop/Projects/dollama/build'
[1/17] Compiling Cuda object src/prof_arena_e2e.exe.p/infer_diffusion.cu.obj
cl : コマンド ライン warning D9025 : '/std:c++20' より '/std:c++14' が優先されます。
diffusion.cu
cl : コマンド ライン warning D9025 : '/std:c++20' より '/std:c++14' が優先されます。
diffusion.cu
diffusion.cu
cl : コマンド ライン warning D9025 : '/std:c++20' より '/std:c++14' が優先されます。
tmpxft_00004b20_00000000-7_diffusion.cudafe1.cpp
[2/17] Compiling Cuda object src/test_txt2img.exe.p/infer_diffusion.cu.obj
cl : コマンド ライン warning D9025 : '/std:c++20' より '/std:c++14' が優先されます。
diffusion.cu
cl : コマンド ライン warning D9025 : '/std:c++20' より '/std:c++14' が優先されます。
diffusion.cu
diffusion.cu
cl : コマンド ライン warning D9025 : '/std:c++20' より '/std:c++14' が優先されます。
tmpxft_00004460_00000000-7_diffusion.cudafe1.cpp
[3/17] Compiling Cuda object src/test_pipeline_factory.exe.p/infer_diffusion.cu.obj
cl : コマンド ライン warning D9025 : '/std:c++20' より '/std:c++14' が優先されます。
diffusion.cu
cl : コマンド ライン warning D9025 : '/std:c++20' より '/std:c++14' が優先されます。
diffusion.cu
diffusion.cu
cl : コマンド ライン warning D9025 : '/std:c++20' より '/std:c++14' が優先されます。
tmpxft_00000a5c_00000000-7_diffusion.cudafe1.cpp
[4/17] Compiling Cuda object src/test_cli_generate.exe.p/infer_diffusion.cu.obj
cl : コマンド ライン warning D9025 : '/std:c++20' より '/std:c++14' が優先されます。
diffusion.cu
cl : コマンド ライン warning D9025 : '/std:c++20' より '/std:c++14' が優先されます。
diffusion.cu
diffusion.cu
cl : コマンド ライン warning D9025 : '/std:c++20' より '/std:c++14' が優先されます。
tmpxft_000068a0_00000000-7_diffusion.cudafe1.cpp
[5/17] Compiling Cuda object src/dollama.exe.p/infer_diffusion.cu.obj
cl : コマンド ライン warning D9025 : '/std:c++20' より '/std:c++14' が優先されます。
diffusion.cu
cl : コマンド ライン warning D9025 : '/std:c++20' より '/std:c++14' が優先されます。
diffusion.cu
diffusion.cu
cl : コマンド ライン warning D9025 : '/std:c++20' より '/std:c++14' が優先されます。
tmpxft_00000468_00000000-7_diffusion.cudafe1.cpp
[6/17] Compiling Cuda object src/test_diffusion_batch2.exe.p/infer_diffusion.cu.obj
cl : コマンド ライン warning D9025 : '/std:c++20' より '/std:c++14' が優先されます。
diffusion.cu
cl : コマンド ライン warning D9025 : '/std:c++20' より '/std:c++14' が優先されます。
diffusion.cu
diffusion.cu
cl : コマンド ライン warning D9025 : '/std:c++20' より '/std:c++14' が優先されます。
tmpxft_000046e0_00000000-7_diffusion.cudafe1.cpp
[7/17] Linking target src/prof_arena_e2e.exe
tests_prof_arena_e2e.cu.obj
infer_diffusion.cu.obj
infer_unet.cu.obj
kernels_vae_decode.cu.obj
kernels_conv2d.cu.obj
kernels_device_arena.cu.obj
kernels_groupnorm.cu.obj
kernels_layernorm.cu.obj
kernels_activation.cu.obj
kernels_geglu.cu.obj
kernels_attention.cu.obj
kernels_attention_fast.cu.obj
kernels_gemm.cu.obj
kernels_elementwise.cu.obj
kernels_bias_add.cu.obj
kernels_timeembed.cu.obj
openvino.lib
cudart.lib
cublas.lib
kernel32.lib
user32.lib
gdi32.lib
winspool.lib
shell32.lib
ole32.lib
oleaut32.lib
uuid.lib
comdlg32.lib
advapi32.lib
[8/17] Compiling Cuda object src/test_diffusion.exe.p/infer_diffusion.cu.obj
cl : コマンド ライン warning D9025 : '/std:c++20' より '/std:c++14' が優先されます。
diffusion.cu
cl : コマンド ライン warning D9025 : '/std:c++20' より '/std:c++14' が優先されます。
diffusion.cu
diffusion.cu
cl : コマンド ライン warning D9025 : '/std:c++20' より '/std:c++14' が優先されます。
tmpxft_00002c6c_00000000-7_diffusion.cudafe1.cpp
[9/17] Compiling Cuda object src/test_pipeline_generator.exe.p/infer_diffusion.cu.obj
cl : コマンド ライン warning D9025 : '/std:c++20' より '/std:c++14' が優先されます。
diffusion.cu
cl : コマンド ライン warning D9025 : '/std:c++20' より '/std:c++14' が優先されます。
diffusion.cu
diffusion.cu
cl : コマンド ライン warning D9025 : '/std:c++20' より '/std:c++14' が優先されます。
tmpxft_00005040_00000000-7_diffusion.cudafe1.cpp
[10/17] Linking target src/test_txt2img.exe
tests_test_txt2img.cpp.obj
server_diffusion_runner.cu.obj
infer_diffusion.cu.obj
infer_unet.cu.obj
kernels_vae_decode.cu.obj
kernels_conv2d.cu.obj
kernels_device_arena.cu.obj
kernels_groupnorm.cu.obj
kernels_layernorm.cu.obj
kernels_activation.cu.obj
kernels_geglu.cu.obj
kernels_attention.cu.obj
kernels_attention_fast.cu.obj
kernels_gemm.cu.obj
kernels_elementwise.cu.obj
kernels_bias_add.cu.obj
kernels_timeembed.cu.obj
openvino.lib
cudart.lib
cublas.lib
kernel32.lib
user32.lib
gdi32.lib
winspool.lib
shell32.lib
ole32.lib
oleaut32.lib
uuid.lib
comdlg32.lib
advapi32.lib
[11/17] Linking target src/test_pipeline_factory.exe
tests_test_pipeline_factory.cpp.obj
server_pipeline_generator_factory.cu.obj
infer_diffusion.cu.obj
infer_unet.cu.obj
kernels_vae_decode.cu.obj
kernels_conv2d.cu.obj
kernels_device_arena.cu.obj
kernels_groupnorm.cu.obj
kernels_layernorm.cu.obj
kernels_activation.cu.obj
kernels_geglu.cu.obj
kernels_attention.cu.obj
kernels_attention_fast.cu.obj
kernels_gemm.cu.obj
kernels_elementwise.cu.obj
kernels_bias_add.cu.obj
kernels_timeembed.cu.obj
openvino.lib
cudart.lib
cublas.lib
kernel32.lib
user32.lib
gdi32.lib
winspool.lib
shell32.lib
ole32.lib
oleaut32.lib
uuid.lib
comdlg32.lib
advapi32.lib
[12/17] Linking target src/test_cli_generate.exe
tests_test_cli_generate.cpp.obj
server_pipeline_generator_factory.cu.obj
server_diffusion_runner.cu.obj
server_diffusion_backend.cpp.obj
server_matter_runner.cpp.obj
server_scorer_runner.cpp.obj
infer_diffusion.cu.obj
infer_unet.cu.obj
kernels_vae_decode.cu.obj
kernels_conv2d.cu.obj
kernels_device_arena.cu.obj
kernels_groupnorm.cu.obj
kernels_layernorm.cu.obj
kernels_activation.cu.obj
kernels_geglu.cu.obj
kernels_attention.cu.obj
kernels_attention_fast.cu.obj
kernels_gemm.cu.obj
kernels_elementwise.cu.obj
kernels_bias_add.cu.obj
kernels_timeembed.cu.obj
openvino.lib
cudart.lib
cublas.lib
kernel32.lib
user32.lib
gdi32.lib
winspool.lib
shell32.lib
ole32.lib
oleaut32.lib
uuid.lib
comdlg32.lib
advapi32.lib
[13/17] Linking target src/test_diffusion_batch2.exe
tests_test_diffusion_batch2.cu.obj
infer_diffusion.cu.obj
infer_unet.cu.obj
kernels_vae_decode.cu.obj
kernels_conv2d.cu.obj
kernels_device_arena.cu.obj
kernels_groupnorm.cu.obj
kernels_layernorm.cu.obj
kernels_activation.cu.obj
kernels_geglu.cu.obj
kernels_attention.cu.obj
kernels_attention_fast.cu.obj
kernels_gemm.cu.obj
kernels_elementwise.cu.obj
kernels_bias_add.cu.obj
kernels_timeembed.cu.obj
openvino.lib
cudart.lib
cublas.lib
kernel32.lib
user32.lib
gdi32.lib
winspool.lib
shell32.lib
ole32.lib
oleaut32.lib
uuid.lib
comdlg32.lib
advapi32.lib
[14/17] Linking target src/test_diffusion.exe
tests_test_diffusion.cu.obj
infer_diffusion.cu.obj
infer_unet.cu.obj
kernels_vae_decode.cu.obj
kernels_conv2d.cu.obj
kernels_device_arena.cu.obj
kernels_groupnorm.cu.obj
kernels_layernorm.cu.obj
kernels_activation.cu.obj
kernels_geglu.cu.obj
kernels_attention.cu.obj
kernels_attention_fast.cu.obj
kernels_gemm.cu.obj
kernels_elementwise.cu.obj
kernels_bias_add.cu.obj
kernels_timeembed.cu.obj
openvino.lib
cudart.lib
cublas.lib
kernel32.lib
user32.lib
gdi32.lib
winspool.lib
shell32.lib
ole32.lib
oleaut32.lib
uuid.lib
comdlg32.lib
advapi32.lib
[15/17] Linking target src/test_pipeline_generator.exe
tests_test_pipeline_generator.cu.obj
infer_diffusion.cu.obj
infer_unet.cu.obj
kernels_vae_decode.cu.obj
kernels_conv2d.cu.obj
kernels_device_arena.cu.obj
kernels_groupnorm.cu.obj
kernels_layernorm.cu.obj
kernels_activation.cu.obj
kernels_geglu.cu.obj
kernels_attention.cu.obj
kernels_attention_fast.cu.obj
kernels_gemm.cu.obj
kernels_elementwise.cu.obj
kernels_bias_add.cu.obj
kernels_timeembed.cu.obj
openvino.lib
cudart.lib
cublas.lib
kernel32.lib
user32.lib
gdi32.lib
winspool.lib
shell32.lib
ole32.lib
oleaut32.lib
uuid.lib
comdlg32.lib
advapi32.lib
[16/17] Linking target src/dollama.exe
main.cpp.obj
server_api.cpp.obj
server_diffusion_backend.cpp.obj
server_matter_runner.cpp.obj
server_scorer_runner.cpp.obj
server_pipeline_generator_factory.cu.obj
server_diffusion_runner.cu.obj
infer_diffusion.cu.obj
infer_unet.cu.obj
kernels_vae_decode.cu.obj
kernels_conv2d.cu.obj
kernels_device_arena.cu.obj
kernels_groupnorm.cu.obj
kernels_layernorm.cu.obj
kernels_activation.cu.obj
kernels_geglu.cu.obj
kernels_attention.cu.obj
kernels_attention_fast.cu.obj
kernels_gemm.cu.obj
kernels_elementwise.cu.obj
kernels_bias_add.cu.obj
kernels_timeembed.cu.obj
openvino.lib
cudart.lib
cublas.lib
kernel32.lib
user32.lib
gdi32.lib
winspool.lib
shell32.lib
ole32.lib
oleaut32.lib
uuid.lib
comdlg32.lib
advapi32.lib
[17/17] Generating src/copy_openvino_dlls with a custom command (wrapped by meson to set PATH)
Activating VS 18.8.3
INFO: automatically activated MSVC compiler environment
INFO: autodetecting backend as ninja
INFO: calculating backend command to run: "C:\Program Files\Microsoft Visual Studio\18\Community\Common7\IDE\CommonExtensions\Microsoft\CMake\Ninja\ninja.EXE" -C E:/Develop/Projects/dollama/build
