# recovered from E:\Develop\logs\g10k-t2c\nsys\g10k_t2c_nsys2.sqlite (table ProcessStreams)

===== stream: C:/Users/sdkik/AppData/Local/Temp/nvidia/nsight_systems/quadd_session_1026616/streams/stdout_3003-eba7-b5f0-ed89.log (globalPid=281668921327616) =====
[S4] config images=2 steps=20 g=7.5 fast=1 DOLLAMA_POOL=(unset) DOLLAMA_ARENA_RELEASE=(unset) pool_enabled=1 sample_ms=5
[S4] used_after_ctx=1329MB total=16302MB
[S4] used_after_weight_load=13335MB free=2967MB
[S4] image=1 sec=10.762 rgb_hash=0x8a96690109d2b253 1024x1024
[S4] image arena=unet d_cudaMalloc=0 d_cudaFree=0 d_chunkAlloc=0 d_alloc=25082 | cap=6080MiB chunks=1 live_peak=5914MiB cursor_peak=5914MiB cum_cudaMalloc=1 cum_cudaFree=0 cum_chunkAlloc=1
[S4] image arena=unet_persist d_cudaMalloc=0 d_cudaFree=0 d_chunkAlloc=0 d_alloc=240 | cap=176MiB chunks=1 live_peak=137MiB cursor_peak=137MiB cum_cudaMalloc=1 cum_cudaFree=0 cum_chunkAlloc=1
[S4] image=1 peak_used_total=13412MB peak_used_delta_this_image=76MB used_after_image=13406MB
[S4] image=2 sec=10.6596 rgb_hash=0x8a96690109d2b253 1024x1024
[S4] image arena=unet d_cudaMalloc=0 d_cudaFree=0 d_chunkAlloc=0 d_alloc=25082 | cap=6080MiB chunks=1 live_peak=5914MiB cursor_peak=5914MiB cum_cudaMalloc=1 cum_cudaFree=0 cum_chunkAlloc=1
[S4] image arena=unet_persist d_cudaMalloc=0 d_cudaFree=0 d_chunkAlloc=0 d_alloc=240 | cap=176MiB chunks=1 live_peak=137MiB cursor_peak=137MiB cum_cudaMalloc=1 cum_cudaFree=0 cum_chunkAlloc=1
[S4] image=2 peak_used_total=13412MB peak_used_delta_this_image=0MB used_after_image=13406MB
[S4] PEAK_USED=13412MB (total=16302MB)
[S4] used_after_destroy=1403MB
[S4] FINAL_PEAK_USED=13412MB

===== stream: C:/Users/sdkik/AppData/Local/Temp/nvidia/nsight_systems/quadd_session_1026616/streams/stderr_3003-eba7-b5f0-ed89.log (globalPid=281668921327616) =====
(empty)

===== stream: C:/Program Files/NVIDIA Corporation/Nsight Systems 2026.1.3/target-windows-x64/config.ini (globalPid=281474976710656) =====
(empty)
