=== T2c env snapshot ===
date_local = 2026-09-04 23:00:45 +09:00
date_utc   = 2026-09-04 14:00:45 UTC
hostname   = KIK-WIN-RTX58
os         = Microsoft Windows 11 Home 10.0.26200
pwsh       = 7.6.5

=== git (research machine) ===
f58ba2c10649806c11c3c36f5f5bd314975cdbb6
feat/g10k-conv-true-batch2
--- porcelain start ---
--- porcelain end ---
f58ba2c docs(logs): G-10k T2b 窶・逕溘Ο繧ｰ蝗槫庶 (遐皮ｩｶ讖・KIK-WIN-RTX58繝ｻSSH 雜翫＠螳溯ｵｰ)
de34ec6 test(cuda): G-10k T2b 窶・GATE5 縺ｮ讀懷・蜉帙ｒ逡ｪ蜈ｵ縺ｧ菴咲ｽｮ髱樔ｾ晏ｭ倥↓縺吶ｋ
036cb94 feat(cuda): G-10k T2b 窶・generate_txt2img 縺ｫ profile reset + 蜀・ｨｳ dump 繧定ｿｽ蜉

=== nvidia-smi (full) ===
Fri Sep  4 23:00:46 2026       
+-----------------------------------------------------------------------------------------+
| NVIDIA-SMI 610.88                 KMD Version: 610.88        CUDA UMD Version: 13.3     |
+-----------------------------------------+------------------------+----------------------+
| GPU  Name                  Driver-Model | Bus-Id          Disp.A | Volatile Uncorr. ECC |
| Fan  Temp   Perf          Pwr:Usage/Cap |           Memory-Usage | GPU-Util  Compute M. |
|                                         |                        |               MIG M. |
|=========================================+========================+======================|
|   0  NVIDIA GeForce RTX 5080      WDDM  |   00000000:02:00.0  On |                  N/A |
|  0%   36C    P8             11W /  360W |     508MiB /  16303MiB |      0%      Default |
|                                         |                        |                  N/A |
+-----------------------------------------+------------------------+----------------------+

+-----------------------------------------------------------------------------------------+
| Processes:                                                                              |
|  GPU   GI   CI              PID   Type   Process name                        GPU Memory |
|        ID   ID                                                               Usage      |
|=========================================================================================|
|    0   N/A  N/A            2128    C+G   C:\Windows\System32\LogonUI.exe       N/A      |
|    0   N/A  N/A            2136    C+G   C:\Windows\System32\dwm.exe           N/A      |
|    0   N/A  N/A            5248    C+G   ...8wekyb3d8bbwe\M365Copilot.exe      N/A      |
|    0   N/A  N/A           12092    C+G   C:\Windows\explorer.exe               N/A      |
|    0   N/A  N/A           12152    C+G   ...indows\System32\ShellHost.exe      N/A      |
|    0   N/A  N/A           12548    C+G   ...2txyewy\CrossDeviceResume.exe      N/A      |
|    0   N/A  N/A           13704    C+G   ...IA App\CEF\NVIDIA Overlay.exe      N/A      |
|    0   N/A  N/A           13744    C+G   ..._cw5n1h2txyewy\SearchHost.exe      N/A      |
|    0   N/A  N/A           13768    C+G   ...y\StartMenuExperienceHost.exe      N/A      |
|    0   N/A  N/A           15880    C+G   ...IA App\CEF\NVIDIA Overlay.exe      N/A      |
|    0   N/A  N/A           16972    C+G   ...0.4129.107\msedgewebview2.exe      N/A      |
|    0   N/A  N/A           17884    C+G   ...App_cw5n1h2txyewy\LockApp.exe      N/A      |
|    0   N/A  N/A           22628    C+G   ...5n1h2txyewy\TextInputHost.exe      N/A      |
|    0   N/A  N/A           22636    C+G   ...xyewy\ShellExperienceHost.exe      N/A      |
|    0   N/A  N/A           23760    C+G   ...em_tray\lghub_system_tray.exe      N/A      |
|    0   N/A  N/A           24984    C+G   ....0.4191.62\msedgewebview2.exe      N/A      |
|    0   N/A  N/A           25188    C+G   ...\cef.win64\steamwebhelper.exe      N/A      |
|    0   N/A  N/A           27484    C+G   ...__kzh8wxbdkxb8p\DCv2\DCv2.exe      N/A      |
|    0   N/A  N/A           27508    C+G   ...yApp\MicrosoftSecurityApp.exe      N/A      |
|    0   N/A  N/A           27652    C+G   ...Creative App\Creative.App.exe      N/A      |
|    0   N/A  N/A           27772    C+G   ...are\IntelGraphicsSoftware.exe      N/A      |
|    0   N/A  N/A           28408    C+G   ...lGraphicsSoftware.Overlay.exe      N/A      |
|    0   N/A  N/A           29520    C+G   ...em32\ApplicationFrameHost.exe      N/A      |
|    0   N/A  N/A           29540    C+G   ...ntrolPanel\SystemSettings.exe      N/A      |
+-----------------------------------------------------------------------------------------+

=== nvidia-smi query (idle) ===
name, driver_version, memory.total [MiB], memory.used [MiB], temperature.gpu, clocks.current.sm [MHz], clocks.current.memory [MHz], power.draw [W], power.limit [W], utilization.gpu [%]
NVIDIA GeForce RTX 5080, 610.88, 16303 MiB, 508 MiB, 36, 180 MHz, 405 MHz, 11.33 W, 360.00 W, 0 %

=== nvcc ===
nvcc: NVIDIA (R) Cuda compiler driver
Copyright (c) 2005-2026 NVIDIA Corporation
Built on Fri_Apr_24_19:26:09_Pacific_Daylight_Time_2026
Cuda compilation tools, release 13.3, V13.3.33
Build cuda_13.3.r13.3/compiler.37862127_0

=== meson compile (expect: no work to do) ===
ninja: Entering directory `E:/Develop/Projects/dollama/build'
ninja: no work to do.
Activating VS 18.8.3
INFO: automatically activated MSVC compiler environment
INFO: autodetecting backend as ninja
INFO: calculating backend command to run: "C:\Program Files\Microsoft Visual Studio\18\Community\Common7\IDE\CommonExtensions\Microsoft\CMake\Ninja\ninja.EXE" -C E:/Develop/Projects/dollama/build

=== exe sha256 (post compile-check) ===
test_diffusion_batch2.exe  size=1401344  mtime=2026-09-04 21:13:59  sha256=3649AF0B7968BE303B4D393AAD734AC6ECC7B89263426F322117108711A6CE43
prof_arena_e2e.exe  size=1388544  mtime=2026-09-04 21:13:59  sha256=9D420AB189EDA9224FB440703A8151485F33A11366CB816CFAE02400F9961140
dollama.exe  size=1977856  mtime=2026-09-04 21:13:59  sha256=81EBCBA3968FD6278C377EFA57EEEE0C8FF99B261B0725F4E3875ED5A24C068F
test_conv2d.exe  size=251392  mtime=2026-09-04 20:18:53  sha256=C14BB9E88B381D8A222B499B163F1D73FDEF1642EF38EA289B4EC5EB685FFC9C

=== nsys presence ===
C:\Program Files\NVIDIA Corporation\Nsight Systems 2026.1.3\host-windows-x64\nsys-ui.exe
C:\Program Files\NVIDIA Corporation\Nsight Systems 2026.1.3\target-windows-x64\nsys.exe
=== end ===
