===== G-10k T5 実走ヘッダ (arena_e2e_default) =====
note         = T5 (3)(6): 既定 (DOLLAMA_POOL unset = reserve ON / DOLLAMA_CONV_BATCH unset = batched ON)・env は G-8k S4b と同一に pin
start(local) = 2026-09-12 23:44:43 +09:00
hostname     = KIK-WIN-RTX58
HEAD         = e16b7008995987a6d9164c45af70439681996ab7
porcelain    = [?? docs/logs/g10k-t5/]  (空 = clean)
exe          = build\src\prof_arena_e2e.exe
exe sha256   = 68F65F00C0160078AC8F0E604A912AA3E88F14149755E2C286A817DA8D8ADC90
src\kernels\conv2d.cu                sha256 = 31F6C8C6923ACF8A35A3E47985F8F97E953397DA867DE9B8386636CD1A89A183
src\kernels\gemm.cu                  sha256 = 4EEC27B5175AC4CC011FA924E3F162E079236B080B25C7146490DAE072944203
src\kernels\gemm.cuh                 sha256 = A64CE46CCBB83FAFCCE3E75E18367E7EC234E5FEE07851B376E18056A346D91A
src\kernels\device_arena.cu          sha256 = D792E94C0F9D05362379F763D7558815A63E5C1FC4C5794AFE4155E1DF6256C1
src\infer\diffusion.cu               sha256 = 8F0F80DA043A590B732C37CAA307AA31D263E5A5FDA5F666ADA4EFB76C2A474D
src\infer\unet.cu                    sha256 = 4D3D8411BA391BE2447A8B3C377107614F16AF96688A104222E54FEEC1564FFB
src\tests\test_conv2d.cu             sha256 = 566F487307C109E33DA1D25625CB5DFA5E5E3D079C5CCFB3BE10ADAB9D579A82
src\tests\test_diffusion_batch2.cu   sha256 = B4A24AB26A4173E96DF43FFA850C8F7D857B4586FC0F11AB15DA1267099E1012
src\tests\test_unet_fast.cu          sha256 = D2B2CD02A2CA2DDEEA97ACC28CA8A642023C397F2C34A725EA659A66C703BB1C
src\tests\prof_arena_e2e.cu          sha256 = BA81564087DFCCE6AB37310110E5B0080BABB4B6658A56827B9C1B0EB0C8B7C8
SAC VerifiedAndReputablePolicyState = 0
nvidia-smi (pre) = 1062 MiB, 46, 540 MHz, 24.06 W
--- env ---
  DOLLAMA_CONV_BATCH = <unset>
  DOLLAMA_GEMM = <unset>
  DOLLAMA_POOL = <unset>
  DOLLAMA_PROFILE = 1
  DOLLAMA_EPILOGUE = <unset>
  DOLLAMA_G8K_DUMP = <unset>
  DOLLAMA_ARENA_RESERVE_MB = <unset>
  DOLLAMA_ARENA_RELEASE = <unset>
  PROF_IMAGES = 3
  PROF_STEPS = 20
  PROF_G = 7.5
  PROF_FAST = 1
  PROF_SAMPLE_MS = 5
  DB2_BENCH = <unset>
  DB2_BENCH_STEPS = <unset>
  DB2_BENCH_ITERS = <unset>
  DB2_BENCH_G = <unset>
  DB2_STEPS = <unset>
  DB2_UNCOND_ZERO = <unset>
===== stdout+stderr (2>&1) =====
[S4] config images=3 steps=20 g=7.5 fast=1 DOLLAMA_POOL=(unset) DOLLAMA_ARENA_RELEASE=(unset) pool_enabled=1 sample_ms=5
[S4] used_after_ctx=1290MB total=16275MB
[ALLOC] reserve: unet=6080MiB unet_persist=176MiB (set DOLLAMA_ARENA_RESERVE_MB=0 to disable)
[S4] used_after_weight_load=13296MB free=2979MB

===== DOLLAMA_PROFILE / generate_txt2img (CFG path) -- ABSOLUTE SECONDS ONLY =====
  diffusion steps=20   unet forwards (launch_unet_impl calls)=20   batch2=1
  NOTE: with batch2 one diffusion step is ONE batched forward (B=2);
        with default one diffusion step is TWO forwards (cond + uncond, B=1).
        Do not compare these seconds across configs: the per-step work differs.
  NOTE: percent columns and the TOTAL row are absent on purpose --
        total_sec is NOT measured on this path (see generate() for that).
  weight upload+malloc             n/a (outside this window; a 0 here is NOT evidence of warm)
  UNet step total (all forwards)      10.435 s
      [stage group, wall]
      embed                            0.010 s
      down                             3.827 s
      mid                              0.890 s
      up                               5.693 s
      conv_out                         0.015 s
      [kernel category, orthogonal to stage groups]
      resnet (conv/groupnorm)          0.892 s
      transformer (attn/gemm)          9.092 s
        -> attention only              6.609 s   (subset of transformer)
  VAE decode                       n/a (not timed on this path)
  host roundtrip                   n/a (not timed on this path)
==================================================================================

[S4] image=1 sec=11.6226 rgb_hash=0x64b97f4d8832b6af 1024x1024
[S4] image arena=unet d_cudaMalloc=0 d_cudaFree=0 d_chunkAlloc=0 d_alloc=24362 | cap=6080MiB chunks=1 live_peak=5914MiB cursor_peak=5914MiB cum_cudaMalloc=1 cum_cudaFree=0 cum_chunkAlloc=1
[S4] image arena=unet_persist d_cudaMalloc=0 d_cudaFree=0 d_chunkAlloc=0 d_alloc=240 | cap=176MiB chunks=1 live_peak=137MiB cursor_peak=137MiB cum_cudaMalloc=1 cum_cudaFree=0 cum_chunkAlloc=1
[S4] image=1 peak_used_total=13627MB peak_used_delta_this_image=331MB used_after_image=13575MB

===== DOLLAMA_PROFILE / generate_txt2img (CFG path) -- ABSOLUTE SECONDS ONLY =====
  diffusion steps=20   unet forwards (launch_unet_impl calls)=20   batch2=1
  NOTE: with batch2 one diffusion step is ONE batched forward (B=2);
        with default one diffusion step is TWO forwards (cond + uncond, B=1).
        Do not compare these seconds across configs: the per-step work differs.
  NOTE: percent columns and the TOTAL row are absent on purpose --
        total_sec is NOT measured on this path (see generate() for that).
  weight upload+malloc             n/a (outside this window; a 0 here is NOT evidence of warm)
  UNet step total (all forwards)      10.148 s
      [stage group, wall]
      embed                            0.008 s
      down                             3.548 s
      mid                              0.882 s
      up                               5.695 s
      conv_out                         0.015 s
      [kernel category, orthogonal to stage groups]
      resnet (conv/groupnorm)          0.894 s
      transformer (attn/gemm)          9.053 s
        -> attention only              6.613 s   (subset of transformer)
  VAE decode                       n/a (not timed on this path)
  host roundtrip                   n/a (not timed on this path)
==================================================================================

[S4] image=2 sec=11.2779 rgb_hash=0x64b97f4d8832b6af 1024x1024
[S4] image arena=unet d_cudaMalloc=0 d_cudaFree=0 d_chunkAlloc=0 d_alloc=24362 | cap=6080MiB chunks=1 live_peak=5914MiB cursor_peak=5914MiB cum_cudaMalloc=1 cum_cudaFree=0 cum_chunkAlloc=1
[S4] image arena=unet_persist d_cudaMalloc=0 d_cudaFree=0 d_chunkAlloc=0 d_alloc=240 | cap=176MiB chunks=1 live_peak=137MiB cursor_peak=137MiB cum_cudaMalloc=1 cum_cudaFree=0 cum_chunkAlloc=1
[S4] image=2 peak_used_total=13627MB peak_used_delta_this_image=0MB used_after_image=13575MB

===== DOLLAMA_PROFILE / generate_txt2img (CFG path) -- ABSOLUTE SECONDS ONLY =====
  diffusion steps=20   unet forwards (launch_unet_impl calls)=20   batch2=1
  NOTE: with batch2 one diffusion step is ONE batched forward (B=2);
        with default one diffusion step is TWO forwards (cond + uncond, B=1).
        Do not compare these seconds across configs: the per-step work differs.
  NOTE: percent columns and the TOTAL row are absent on purpose --
        total_sec is NOT measured on this path (see generate() for that).
  weight upload+malloc             n/a (outside this window; a 0 here is NOT evidence of warm)
  UNet step total (all forwards)      10.140 s
      [stage group, wall]
      embed                            0.008 s
      down                             3.548 s
      mid                              0.883 s
      up                               5.686 s
      conv_out                         0.015 s
      [kernel category, orthogonal to stage groups]
      resnet (conv/groupnorm)          0.889 s
      transformer (attn/gemm)          9.050 s
        -> attention only              6.606 s   (subset of transformer)
  VAE decode                       n/a (not timed on this path)
  host roundtrip                   n/a (not timed on this path)
==================================================================================

[S4] image=3 sec=11.2728 rgb_hash=0x64b97f4d8832b6af 1024x1024
[S4] image arena=unet d_cudaMalloc=0 d_cudaFree=0 d_chunkAlloc=0 d_alloc=24362 | cap=6080MiB chunks=1 live_peak=5914MiB cursor_peak=5914MiB cum_cudaMalloc=1 cum_cudaFree=0 cum_chunkAlloc=1
[S4] image arena=unet_persist d_cudaMalloc=0 d_cudaFree=0 d_chunkAlloc=0 d_alloc=240 | cap=176MiB chunks=1 live_peak=137MiB cursor_peak=137MiB cum_cudaMalloc=1 cum_cudaFree=0 cum_chunkAlloc=1
[S4] image=3 peak_used_total=13627MB peak_used_delta_this_image=0MB used_after_image=13615MB
[S4] PEAK_USED=13627MB (total=16275MB)
[ALLOC] arena=unet cap=6080MiB reserved=6080MiB live_peak=5914MiB cursor_peak=5914MiB chunks=1 cudaMalloc=1 cudaFree=0 alloc=73086
[ALLOC] arena=unet_persist cap=176MiB reserved=176MiB live_peak=137MiB cursor_peak=137MiB chunks=1 cudaMalloc=1 cudaFree=0 alloc=720
[S4] used_after_destroy=1362MB
[S4] FINAL_PEAK_USED=13627MB
end(local)   = 2026-09-12 23:45:22 +09:00
nvidia-smi (post) = 1058 MiB, 52, 2865 MHz, 178.38 W
exit=0
