===== G-10k T5 実走ヘッダ (unet_fast_default) =====
note         = T5 (5): test_unet_fast bit-exact 行の一次証拠・DOLLAMA_* 全 unset
start(local) = 2026-09-12 23:41:04 +09:00
hostname     = KIK-WIN-RTX58
HEAD         = e16b7008995987a6d9164c45af70439681996ab7
porcelain    = [?? docs/logs/g10k-t5/]  (空 = clean)
exe          = build\src\test_unet_fast.exe
exe sha256   = 98C03A0073D51DFAAC61B50A080BC1D17458B2CAC9DF492CE3148278FC28D78C
src\kernels\conv2d.cu                sha256 = 31F6C8C6923ACF8A35A3E47985F8F97E953397DA867DE9B8386636CD1A89A183
src\kernels\gemm.cu                  sha256 = 4EEC27B5175AC4CC011FA924E3F162E079236B080B25C7146490DAE072944203
src\kernels\gemm.cuh                 sha256 = A64CE46CCBB83FAFCCE3E75E18367E7EC234E5FEE07851B376E18056A346D91A
src\kernels\device_arena.cu          sha256 = D792E94C0F9D05362379F763D7558815A63E5C1FC4C5794AFE4155E1DF6256C1
src\infer\diffusion.cu               sha256 = 8F0F80DA043A590B732C37CAA307AA31D263E5A5FDA5F666ADA4EFB76C2A474D
src\infer\unet.cu                    sha256 = 4D3D8411BA391BE2447A8B3C377107614F16AF96688A104222E54FEEC1564FFB
src\tests\test_conv2d.cu             sha256 = 566F487307C109E33DA1D25625CB5DFA5E5E3D079C5CCFB3BE10ADAB9D579A82
src\tests\test_diffusion_batch2.cu   sha256 = B4A24AB26A4173E96DF43FFA850C8F7D857B4586FC0F11AB15DA1267099E1012
src\tests\test_unet_fast.cu          sha256 = D2B2CD02A2CA2DDEEA97ACC28CA8A642023C397F2C34A725EA659A66C703BB1C
src\tests\prof_arena_e2e.cu          sha256 = BA81564087DFCCE6AB37310110E5B0080BABB4B6658A56827B9C1B0EB0C8B7C8
SAC VerifiedAndReputablePolicyState = 0
nvidia-smi (pre) = 1066 MiB, 44, 240 MHz, 20.60 W
--- env ---
  DOLLAMA_CONV_BATCH = <unset>
  DOLLAMA_GEMM = <unset>
  DOLLAMA_POOL = <unset>
  DOLLAMA_PROFILE = <unset>
  DOLLAMA_EPILOGUE = <unset>
  DOLLAMA_G8K_DUMP = <unset>
  DOLLAMA_ARENA_RESERVE_MB = <unset>
  DOLLAMA_ARENA_RELEASE = <unset>
  PROF_IMAGES = <unset>
  PROF_STEPS = <unset>
  PROF_G = <unset>
  PROF_FAST = <unset>
  PROF_SAMPLE_MS = <unset>
  DB2_BENCH = <unset>
  DB2_BENCH_STEPS = <unset>
  DB2_BENCH_ITERS = <unset>
  DB2_BENCH_G = <unset>
  DB2_STEPS = <unset>
  DB2_UNCOND_ZERO = <unset>
===== stdout+stderr (2>&1) =====
[test_unet_fast] weights=E:/Develop/Projects/dollama/src/tests/data/unet_weights.safetensors
[test_unet_fast] io=E:/Develop/Projects/dollama/src/tests/data/unet_io.safetensors
[test_unet_fast] default vs golden: MAE=7.83832e-05 max_abs=0.000465386 bad=0 SSIM=0.999996
[test_unet_fast] fast vs default: MAE=0 max_abs=0 bad=0 SSIM=1  (fast vs golden SSIM=0.999996)
[test_unet_fast] epilogue vs default: MAE=6.57082e-05 max_abs=0.000488281 bad=0 SSIM=0.999999  (epilogue vs golden SSIM=0.999996)
[g8k_s2] default r0 footprint: unet cap=1280MiB live_peak=1095MiB (cursor=1118MiB) / persist cap=128MiB live_peak=68MiB | overhead = 1408 - 1163 = 245MiB
[g8k_s2] default r1 footprint: unet cap=1280MiB live_peak=1095MiB (cursor=1118MiB) / persist cap=128MiB live_peak=68MiB | overhead = 1408 - 1163 = 245MiB
[g8k_s2] default r2 footprint: unet cap=1280MiB live_peak=1095MiB (cursor=1118MiB) / persist cap=128MiB live_peak=68MiB | overhead = 1408 - 1163 = 245MiB
[g8k_s2] default run0==run1(0xFF poisoned): BIT-EXACT / run0==run2(0x00 poisoned): BIT-EXACT | pool=on last-run cudaMalloc +0 cudaFree +0 cap(unet/persist)=1280/128MiB
[g8k_s2] fast r0 footprint: unet cap=1280MiB live_peak=1095MiB (cursor=1118MiB) / persist cap=128MiB live_peak=68MiB | overhead = 1408 - 1163 = 245MiB
[g8k_s2] fast r1 footprint: unet cap=1280MiB live_peak=1095MiB (cursor=1118MiB) / persist cap=128MiB live_peak=68MiB | overhead = 1408 - 1163 = 245MiB
[g8k_s2] fast r2 footprint: unet cap=1280MiB live_peak=1095MiB (cursor=1118MiB) / persist cap=128MiB live_peak=68MiB | overhead = 1408 - 1163 = 245MiB
[g8k_s2] fast run0==run1(0xFF poisoned): BIT-EXACT / run0==run2(0x00 poisoned): BIT-EXACT | pool=on last-run cudaMalloc +0 cudaFree +0 cap(unet/persist)=1280/128MiB
[g8k_s2] epilogue r0 footprint: unet cap=1280MiB live_peak=1095MiB (cursor=1118MiB) / persist cap=128MiB live_peak=68MiB | overhead = 1408 - 1163 = 245MiB
[g8k_s2] epilogue r1 footprint: unet cap=1280MiB live_peak=1095MiB (cursor=1118MiB) / persist cap=128MiB live_peak=68MiB | overhead = 1408 - 1163 = 245MiB
[g8k_s2] epilogue r2 footprint: unet cap=1280MiB live_peak=1095MiB (cursor=1118MiB) / persist cap=128MiB live_peak=68MiB | overhead = 1408 - 1163 = 245MiB
[g8k_s2] epilogue run0==run1(0xFF poisoned): BIT-EXACT / run0==run2(0x00 poisoned): BIT-EXACT | pool=on last-run cudaMalloc +0 cudaFree +0 cap(unet/persist)=1280/128MiB
[test_unet_fast] 1step latency median (warm): default=356.968 ms  fast=254.449 ms  fast+epilogue=248.802 ms  (fast x1.40291 / +epilogue x1.43475)
[test_unet_fast] ALL PASSED
end(local)   = 2026-09-12 23:41:18 +09:00
nvidia-smi (post) = 1066 MiB, 56, 2857 MHz, 195.71 W
exit=0
