FULL_PROMPT: masterpiece, high score, great score, absurdres, 1girl, solo, upper body, holding cup, both hands, smile, short brown hair, casual clothes, simple background, white background
FULL_NEGATIVE: lowres, bad anatomy, bad hands, text, error, missing fingers, extra digit, fewer digits, cropped, worst quality, low quality, low score, bad score, average score, lowres, bad anatomy, bad hands, text, error, missing fingers, extra digit, fewer digits, cropped, worst quality, low quality, multiple views, multiple girls
[gen] seed=1234(env)
[scorer] quality=0.249813 anomaly: none
dollama — CLI 生成モード
  prompt='masterpiece, high score, great score, absurdres, 1girl, solo, upper body, holding cup, both hands, smile, short brown hair, casual clothes, simple background, white background' negative='lowres, bad anatomy, bad hands, text, error, missing fingers, extra digit, fewer digits, cropped, worst quality, low quality, low score, bad score, average score, lowres, bad anatomy, bad hands, text, error, missing fingers, extra digit, fewer digits, cropped, worst quality, low quality, multiple views, multiple girls'
[preset] animagine-xl-4 dir=models/presets/animagine-xl-4/
  unet='models/presets/animagine-xl-4/unet_weights.safetensors'
  vae='models/presets/animagine-xl-4/vae_weights.safetensors'
  enc_l='models/presets/animagine-xl-4/text-encoder-l/model_ov.xml'
  enc_g='models/presets/animagine-xl-4/text-encoder-g/model_ov.xml'
[preset] resolved: unet='models/presets/animagine-xl-4/unet_weights.safetensors'
[preset] resolved: vae='models/presets/animagine-xl-4/vae_weights.safetensors'
[preset] resolved: enc_l='models/presets/animagine-xl-4/text-encoder-l/model_ov.xml'
[preset] resolved: enc_g='models/presets/animagine-xl-4/text-encoder-g/model_ov.xml'
dollama HTTP server (sdxl backend [preset=animagine-xl-4] — NPU)
  matting: GPU.0 (model='models/isnet-anime/model_ov_fp32.xml')
  scorer: NPU (model='models/scorer-net/model_ov_fp32.xml')
[generate] wrote docs/logs/2-6d/animagine-xl-4/p2.png (4195716 bytes, 1024x1024, steps=20)

real	0m37.689s
user	0m0.015s
sys	0m0.000s
EXIT:0
