FULL_PROMPT: masterpiece, best quality, newest, 1girl, solo, standing, full body, long silver hair, blue eyes, school uniform, looking at viewer, simple background, white background
FULL_NEGATIVE: lowres, bad anatomy, bad hands, text, error, missing fingers, extra digit, fewer digits, cropped, worst quality, low quality, very displeasing, lowres, bad anatomy, bad hands, text, error, missing fingers, extra digit, fewer digits, cropped, worst quality, low quality, multiple views, multiple girls
[gen] seed=1234(env)
[scorer] quality=0.227298 anomaly: none
dollama — CLI 生成モード
  prompt='masterpiece, best quality, newest, 1girl, solo, standing, full body, long silver hair, blue eyes, school uniform, looking at viewer, simple background, white background' negative='lowres, bad anatomy, bad hands, text, error, missing fingers, extra digit, fewer digits, cropped, worst quality, low quality, very displeasing, lowres, bad anatomy, bad hands, text, error, missing fingers, extra digit, fewer digits, cropped, worst quality, low quality, multiple views, multiple girls'
[preset] noobai-xl dir=models/presets/noobai-xl/
  unet='models/presets/noobai-xl/unet_weights.safetensors'
  vae='models/presets/noobai-xl/vae_weights.safetensors'
  enc_l='models/presets/noobai-xl/text-encoder-l/model_ov.xml'
  enc_g='models/presets/noobai-xl/text-encoder-g/model_ov.xml'
[preset] resolved: unet='models/presets/noobai-xl/unet_weights.safetensors'
[preset] resolved: vae='models/presets/noobai-xl/vae_weights.safetensors'
[preset] resolved: enc_l='models/presets/noobai-xl/text-encoder-l/model_ov.xml'
[preset] resolved: enc_g='models/presets/noobai-xl/text-encoder-g/model_ov.xml'
dollama HTTP server (sdxl backend [preset=noobai-xl] — NPU)
  matting: GPU.0 (model='models/isnet-anime/model_ov_fp32.xml')
  scorer: NPU (model='models/scorer-net/model_ov_fp32.xml')
[generate] wrote docs/logs/2-6d/noobai-xl/p1.png (4195716 bytes, 1024x1024, steps=20)

real	1m13.052s
user	0m0.000s
sys	0m0.000s
EXIT:0
