===== G-10k T7 実走ヘッダ (p3_default) =====
note         = T7 P3: DOLLAMA_CONV_BATCH unset (default), repeat
start(local) = 2026-09-16 23:46:33 +09:00
hostname     = KIK-WIN-RTX58
HEAD         = c0f6d8f13886821562bc6cf3e6c04700b9f3c8aa
porcelain    = [?? docs/logs/g10k-e2e/]  (空 = clean)
exe          = E:\Develop\Projects\dollama\build\src\test_diffusion_batch2.exe
cwd          = E:\Develop\Projects\dollama\build
exe sha256   = 87EA4C3AF0FCC8064388CFCD52D995CAF655CC181633EEEA521511A7ED3C271B
src\kernels\conv2d.cu                sha256 = 31F6C8C6923ACF8A35A3E47985F8F97E953397DA867DE9B8386636CD1A89A183
src\tests\test_diffusion_batch2.cu   sha256 = B4A24AB26A4173E96DF43FFA850C8F7D857B4586FC0F11AB15DA1267099E1012
SAC VerifiedAndReputablePolicyState = 未確認 (裏取りせず)
nvidia-smi (pre) = 1075 MiB, 48, 180 MHz, 27.28 W
--- env ---
  DOLLAMA_CONV_BATCH = <unset>
  DOLLAMA_GEMM = <unset>
  DOLLAMA_POOL = <unset>
  DOLLAMA_PROFILE = 1
  DOLLAMA_EPILOGUE = <unset>
  DOLLAMA_G8K_DUMP = <unset>
  DOLLAMA_ARENA_RESERVE_MB = <unset>
  DOLLAMA_ARENA_RELEASE = <unset>
  PROF_IMAGES = <unset>
  PROF_STEPS = <unset>
  PROF_G = <unset>
  PROF_FAST = <unset>
  PROF_SAMPLE_MS = <unset>
  DB2_BENCH = 1
  DB2_BENCH_STEPS = 20
  DB2_BENCH_ITERS = 1
  DB2_BENCH_G = <unset>
  DB2_STEPS = <unset>
  DB2_UNCOND_ZERO = <unset>
===== stdout+stderr (2>&1) =====
[test_diffusion_batch2] unet_weights=E:/Develop/Projects/dollama/src/tests/data/unet_weights.safetensors
[test_diffusion_batch2] vae_weights=E:/Develop/Projects/dollama/src/tests/data/vae_weights.safetensors
[test_diffusion_batch2] io=E:/Develop/Projects/dollama/src/tests/data/unet_io.safetensors
[test_diffusion_batch2] steps=4 guidance sweep={1.0, 3.0, 7.5} (gate=g1.0)
[ALLOC] reserve: unet=6080MiB unet_persist=176MiB (set DOLLAMA_ARENA_RESERVE_MB=0 to disable)

===== DOLLAMA_PROFILE / generate_txt2img (CFG path) -- ABSOLUTE SECONDS ONLY =====
  diffusion steps=4   unet forwards (launch_unet_impl calls)=8   batch2=0
  NOTE: with batch2 one diffusion step is ONE batched forward (B=2);
        with default one diffusion step is TWO forwards (cond + uncond, B=1).
        Do not compare these seconds across configs: the per-step work differs.
  NOTE: percent columns and the TOTAL row are absent on purpose --
        total_sec is NOT measured on this path (see generate() for that).
  weight upload+malloc             n/a (outside this window; a 0 here is NOT evidence of warm)
  UNet step total (all forwards)       2.911 s
      [stage group, wall]
      embed                            0.003 s
      down                             1.183 s
      mid                              0.240 s
      up                               1.480 s
      conv_out                         0.005 s
      [kernel category, orthogonal to stage groups]
      resnet (conv/groupnorm)          0.217 s
      transformer (attn/gemm)          2.447 s
        -> attention only              1.891 s   (subset of transformer)
  VAE decode                       n/a (not timed on this path)
  host roundtrip                   n/a (not timed on this path)
==================================================================================


===== DOLLAMA_PROFILE / generate_txt2img (CFG path) -- ABSOLUTE SECONDS ONLY =====
  diffusion steps=4   unet forwards (launch_unet_impl calls)=8   batch2=0
  NOTE: with batch2 one diffusion step is ONE batched forward (B=2);
        with default one diffusion step is TWO forwards (cond + uncond, B=1).
        Do not compare these seconds across configs: the per-step work differs.
  NOTE: percent columns and the TOTAL row are absent on purpose --
        total_sec is NOT measured on this path (see generate() for that).
  weight upload+malloc             n/a (outside this window; a 0 here is NOT evidence of warm)
  UNet step total (all forwards)       2.644 s
      [stage group, wall]
      embed                            0.003 s
      down                             0.932 s
      mid                              0.236 s
      up                               1.468 s
      conv_out                         0.004 s
      [kernel category, orthogonal to stage groups]
      resnet (conv/groupnorm)          0.215 s
      transformer (attn/gemm)          2.388 s
        -> attention only              1.879 s   (subset of transformer)
  VAE decode                       n/a (not timed on this path)
  host roundtrip                   n/a (not timed on this path)
==================================================================================


===== DOLLAMA_PROFILE / generate_txt2img (CFG path) -- ABSOLUTE SECONDS ONLY =====
  diffusion steps=4   unet forwards (launch_unet_impl calls)=8   batch2=0
  NOTE: with batch2 one diffusion step is ONE batched forward (B=2);
        with default one diffusion step is TWO forwards (cond + uncond, B=1).
        Do not compare these seconds across configs: the per-step work differs.
  NOTE: percent columns and the TOTAL row are absent on purpose --
        total_sec is NOT measured on this path (see generate() for that).
  weight upload+malloc             n/a (outside this window; a 0 here is NOT evidence of warm)
  UNet step total (all forwards)       2.611 s
      [stage group, wall]
      embed                            0.004 s
      down                             0.917 s
      mid                              0.234 s
      up                               1.451 s
      conv_out                         0.005 s
      [kernel category, orthogonal to stage groups]
      resnet (conv/groupnorm)          0.212 s
      transformer (attn/gemm)          2.357 s
        -> attention only              1.849 s   (subset of transformer)
  VAE decode                       n/a (not timed on this path)
  host roundtrip                   n/a (not timed on this path)
==================================================================================


===== DOLLAMA_PROFILE / generate_txt2img (CFG path) -- ABSOLUTE SECONDS ONLY =====
  diffusion steps=4   unet forwards (launch_unet_impl calls)=8   batch2=0
  NOTE: with batch2 one diffusion step is ONE batched forward (B=2);
        with default one diffusion step is TWO forwards (cond + uncond, B=1).
        Do not compare these seconds across configs: the per-step work differs.
  NOTE: percent columns and the TOTAL row are absent on purpose --
        total_sec is NOT measured on this path (see generate() for that).
  weight upload+malloc             n/a (outside this window; a 0 here is NOT evidence of warm)
  UNet step total (all forwards)       2.609 s
      [stage group, wall]
      embed                            0.003 s
      down                             0.913 s
      mid                              0.234 s
      up                               1.455 s
      conv_out                         0.004 s
      [kernel category, orthogonal to stage groups]
      resnet (conv/groupnorm)          0.212 s
      transformer (attn/gemm)          2.356 s
        -> attention only              1.854 s   (subset of transformer)
  VAE decode                       n/a (not timed on this path)
  host roundtrip                   n/a (not timed on this path)
==================================================================================

[ALLOC] arena=unet cap=6080MiB reserved=6080MiB live_peak=5914MiB cursor_peak=5914MiB chunks=1 cudaMalloc=1 cudaFree=0 alloc=39096
[ALLOC] arena=unet_persist cap=176MiB reserved=176MiB live_peak=68MiB cursor_peak=68MiB chunks=1 cudaMalloc=1 cudaFree=0 alloc=384

===== DOLLAMA_PROFILE / generate_txt2img (CFG path) -- ABSOLUTE SECONDS ONLY =====
  diffusion steps=4   unet forwards (launch_unet_impl calls)=4   batch2=1
  NOTE: with batch2 one diffusion step is ONE batched forward (B=2);
        with default one diffusion step is TWO forwards (cond + uncond, B=1).
        Do not compare these seconds across configs: the per-step work differs.
  NOTE: percent columns and the TOTAL row are absent on purpose --
        total_sec is NOT measured on this path (see generate() for that).
  weight upload+malloc             n/a (outside this window; a 0 here is NOT evidence of warm)
  UNet step total (all forwards)       2.573 s
      [stage group, wall]
      embed                            0.002 s
      down                             0.923 s
      mid                              0.224 s
      up                               1.420 s
      conv_out                         0.004 s
      [kernel category, orthogonal to stage groups]
      resnet (conv/groupnorm)          0.217 s
      transformer (attn/gemm)          2.315 s
        -> attention only              1.796 s   (subset of transformer)
  VAE decode                       n/a (not timed on this path)
  host roundtrip                   n/a (not timed on this path)
==================================================================================


===== DOLLAMA_PROFILE / generate_txt2img (CFG path) -- ABSOLUTE SECONDS ONLY =====
  diffusion steps=4   unet forwards (launch_unet_impl calls)=4   batch2=1
  NOTE: with batch2 one diffusion step is ONE batched forward (B=2);
        with default one diffusion step is TWO forwards (cond + uncond, B=1).
        Do not compare these seconds across configs: the per-step work differs.
  NOTE: percent columns and the TOTAL row are absent on purpose --
        total_sec is NOT measured on this path (see generate() for that).
  weight upload+malloc             n/a (outside this window; a 0 here is NOT evidence of warm)
  UNet step total (all forwards)       2.313 s
      [stage group, wall]
      embed                            0.002 s
      down                             0.808 s
      mid                              0.204 s
      up                               1.296 s
      conv_out                         0.003 s
      [kernel category, orthogonal to stage groups]
      resnet (conv/groupnorm)          0.199 s
      transformer (attn/gemm)          2.076 s
        -> attention only              1.606 s   (subset of transformer)
  VAE decode                       n/a (not timed on this path)
  host roundtrip                   n/a (not timed on this path)
==================================================================================


===== DOLLAMA_PROFILE / generate_txt2img (CFG path) -- ABSOLUTE SECONDS ONLY =====
  diffusion steps=4   unet forwards (launch_unet_impl calls)=4   batch2=1
  NOTE: with batch2 one diffusion step is ONE batched forward (B=2);
        with default one diffusion step is TWO forwards (cond + uncond, B=1).
        Do not compare these seconds across configs: the per-step work differs.
  NOTE: percent columns and the TOTAL row are absent on purpose --
        total_sec is NOT measured on this path (see generate() for that).
  weight upload+malloc             n/a (outside this window; a 0 here is NOT evidence of warm)
  UNet step total (all forwards)       2.318 s
      [stage group, wall]
      embed                            0.002 s
      down                             0.809 s
      mid                              0.201 s
      up                               1.302 s
      conv_out                         0.004 s
      [kernel category, orthogonal to stage groups]
      resnet (conv/groupnorm)          0.199 s
      transformer (attn/gemm)          2.080 s
        -> attention only              1.607 s   (subset of transformer)
  VAE decode                       n/a (not timed on this path)
  host roundtrip                   n/a (not timed on this path)
==================================================================================

[ALLOC] arena=unet cap=6080MiB reserved=6080MiB live_peak=5914MiB cursor_peak=5914MiB chunks=1 cudaMalloc=2 cudaFree=1 alloc=53958
[ALLOC] arena=unet_persist cap=176MiB reserved=176MiB live_peak=137MiB cursor_peak=137MiB chunks=1 cudaMalloc=2 cudaFree=1 alloc=528

===== DOLLAMA_PROFILE / generate_txt2img (CFG path) -- ABSOLUTE SECONDS ONLY =====
  diffusion steps=4   unet forwards (launch_unet_impl calls)=4   batch2=1
  NOTE: with batch2 one diffusion step is ONE batched forward (B=2);
        with default one diffusion step is TWO forwards (cond + uncond, B=1).
        Do not compare these seconds across configs: the per-step work differs.
  NOTE: percent columns and the TOTAL row are absent on purpose --
        total_sec is NOT measured on this path (see generate() for that).
  weight upload+malloc             n/a (outside this window; a 0 here is NOT evidence of warm)
  UNet step total (all forwards)       2.267 s
      [stage group, wall]
      embed                            0.002 s
      down                             0.808 s
      mid                              0.197 s
      up                               1.256 s
      conv_out                         0.004 s
      [kernel category, orthogonal to stage groups]
      resnet (conv/groupnorm)          0.221 s
      transformer (attn/gemm)          2.004 s
        -> attention only              1.477 s   (subset of transformer)
  VAE decode                       n/a (not timed on this path)
  host roundtrip                   n/a (not timed on this path)
==================================================================================


===== DOLLAMA_PROFILE / generate_txt2img (CFG path) -- ABSOLUTE SECONDS ONLY =====
  diffusion steps=4   unet forwards (launch_unet_impl calls)=4   batch2=1
  NOTE: with batch2 one diffusion step is ONE batched forward (B=2);
        with default one diffusion step is TWO forwards (cond + uncond, B=1).
        Do not compare these seconds across configs: the per-step work differs.
  NOTE: percent columns and the TOTAL row are absent on purpose --
        total_sec is NOT measured on this path (see generate() for that).
  weight upload+malloc             n/a (outside this window; a 0 here is NOT evidence of warm)
  UNet step total (all forwards)       1.990 s
      [stage group, wall]
      embed                            0.002 s
      down                             0.693 s
      mid                              0.171 s
      up                               1.120 s
      conv_out                         0.004 s
      [kernel category, orthogonal to stage groups]
      resnet (conv/groupnorm)          0.198 s
      transformer (attn/gemm)          1.753 s
        -> attention only              1.281 s   (subset of transformer)
  VAE decode                       n/a (not timed on this path)
  host roundtrip                   n/a (not timed on this path)
==================================================================================


===== DOLLAMA_PROFILE / generate_txt2img (CFG path) -- ABSOLUTE SECONDS ONLY =====
  diffusion steps=4   unet forwards (launch_unet_impl calls)=4   batch2=1
  NOTE: with batch2 one diffusion step is ONE batched forward (B=2);
        with default one diffusion step is TWO forwards (cond + uncond, B=1).
        Do not compare these seconds across configs: the per-step work differs.
  NOTE: percent columns and the TOTAL row are absent on purpose --
        total_sec is NOT measured on this path (see generate() for that).
  weight upload+malloc             n/a (outside this window; a 0 here is NOT evidence of warm)
  UNet step total (all forwards)       1.981 s
      [stage group, wall]
      embed                            0.002 s
      down                             0.687 s
      mid                              0.172 s
      up                               1.117 s
      conv_out                         0.003 s
      [kernel category, orthogonal to stage groups]
      resnet (conv/groupnorm)          0.199 s
      transformer (attn/gemm)          1.744 s
        -> attention only              1.280 s   (subset of transformer)
  VAE decode                       n/a (not timed on this path)
  host roundtrip                   n/a (not timed on this path)
==================================================================================

[ALLOC] arena=unet cap=6080MiB reserved=6080MiB live_peak=5914MiB cursor_peak=5914MiB chunks=1 cudaMalloc=3 cudaFree=2 alloc=68820
[ALLOC] arena=unet_persist cap=176MiB reserved=176MiB live_peak=137MiB cursor_peak=137MiB chunks=1 cudaMalloc=3 cudaFree=2 alloc=672

===== DOLLAMA_PROFILE / generate_txt2img (CFG path) -- ABSOLUTE SECONDS ONLY =====
  diffusion steps=4   unet forwards (launch_unet_impl calls)=4   batch2=1
  NOTE: with batch2 one diffusion step is ONE batched forward (B=2);
        with default one diffusion step is TWO forwards (cond + uncond, B=1).
        Do not compare these seconds across configs: the per-step work differs.
  NOTE: percent columns and the TOTAL row are absent on purpose --
        total_sec is NOT measured on this path (see generate() for that).
  weight upload+malloc             n/a (outside this window; a 0 here is NOT evidence of warm)
  UNet step total (all forwards)       2.244 s
      [stage group, wall]
      embed                            0.002 s
      down                             0.808 s
      mid                              0.197 s
      up                               1.234 s
      conv_out                         0.003 s
      [kernel category, orthogonal to stage groups]
      resnet (conv/groupnorm)          0.196 s
      transformer (attn/gemm)          2.006 s
        -> attention only              1.477 s   (subset of transformer)
  VAE decode                       n/a (not timed on this path)
  host roundtrip                   n/a (not timed on this path)
==================================================================================


===== DOLLAMA_PROFILE / generate_txt2img (CFG path) -- ABSOLUTE SECONDS ONLY =====
  diffusion steps=4   unet forwards (launch_unet_impl calls)=4   batch2=1
  NOTE: with batch2 one diffusion step is ONE batched forward (B=2);
        with default one diffusion step is TWO forwards (cond + uncond, B=1).
        Do not compare these seconds across configs: the per-step work differs.
  NOTE: percent columns and the TOTAL row are absent on purpose --
        total_sec is NOT measured on this path (see generate() for that).
  weight upload+malloc             n/a (outside this window; a 0 here is NOT evidence of warm)
  UNet step total (all forwards)       1.958 s
      [stage group, wall]
      embed                            0.002 s
      down                             0.687 s
      mid                              0.170 s
      up                               1.098 s
      conv_out                         0.003 s
      [kernel category, orthogonal to stage groups]
      resnet (conv/groupnorm)          0.174 s
      transformer (attn/gemm)          1.746 s
        -> attention only              1.281 s   (subset of transformer)
  VAE decode                       n/a (not timed on this path)
  host roundtrip                   n/a (not timed on this path)
==================================================================================


===== DOLLAMA_PROFILE / generate_txt2img (CFG path) -- ABSOLUTE SECONDS ONLY =====
  diffusion steps=4   unet forwards (launch_unet_impl calls)=4   batch2=1
  NOTE: with batch2 one diffusion step is ONE batched forward (B=2);
        with default one diffusion step is TWO forwards (cond + uncond, B=1).
        Do not compare these seconds across configs: the per-step work differs.
  NOTE: percent columns and the TOTAL row are absent on purpose --
        total_sec is NOT measured on this path (see generate() for that).
  weight upload+malloc             n/a (outside this window; a 0 here is NOT evidence of warm)
  UNet step total (all forwards)       1.957 s
      [stage group, wall]
      embed                            0.002 s
      down                             0.686 s
      mid                              0.170 s
      up                               1.095 s
      conv_out                         0.003 s
      [kernel category, orthogonal to stage groups]
      resnet (conv/groupnorm)          0.175 s
      transformer (attn/gemm)          1.745 s
        -> attention only              1.281 s   (subset of transformer)
  VAE decode                       n/a (not timed on this path)
  host roundtrip                   n/a (not timed on this path)
==================================================================================


===== DOLLAMA_PROFILE / generate_txt2img (CFG path) -- ABSOLUTE SECONDS ONLY =====
  diffusion steps=4   unet forwards (launch_unet_impl calls)=4   batch2=1
  NOTE: with batch2 one diffusion step is ONE batched forward (B=2);
        with default one diffusion step is TWO forwards (cond + uncond, B=1).
        Do not compare these seconds across configs: the per-step work differs.
  NOTE: percent columns and the TOTAL row are absent on purpose --
        total_sec is NOT measured on this path (see generate() for that).
  weight upload+malloc             n/a (outside this window; a 0 here is NOT evidence of warm)
  UNet step total (all forwards)       1.958 s
      [stage group, wall]
      embed                            0.002 s
      down                             0.686 s
      mid                              0.172 s
      up                               1.096 s
      conv_out                         0.003 s
      [kernel category, orthogonal to stage groups]
      resnet (conv/groupnorm)          0.174 s
      transformer (attn/gemm)          1.746 s
        -> attention only              1.282 s   (subset of transformer)
  VAE decode                       n/a (not timed on this path)
  host roundtrip                   n/a (not timed on this path)
==================================================================================

[ALLOC] arena=unet cap=6080MiB reserved=6080MiB live_peak=5914MiB cursor_peak=5914MiB chunks=1 cudaMalloc=4 cudaFree=3 alloc=88636
[ALLOC] arena=unet_persist cap=176MiB reserved=176MiB live_peak=137MiB cursor_peak=137MiB chunks=1 cudaMalloc=4 cudaFree=3 alloc=864
[test_diffusion_batch2] VRAM free=14913MB (after all parity pipelines destroyed)
[test_diffusion_batch2] [GATE1] noise floor (off@g=1.0 x2): MAE=0 max_abs=0
[test_diffusion_batch2] sweep g=1 batch2-vs-off: MAE=0.0303612 max_abs=2 SSIM=0.999474 [GATE2 >=0.999]
[test_diffusion_batch2] sweep g=3 batch2-vs-off: MAE=0.0864604 max_abs=9 SSIM=0.998789 (characterization)
[test_diffusion_batch2] sweep g=7.5 batch2-vs-off: MAE=0.290378 max_abs=19 SSIM=0.996698 (characterization)
[test_diffusion_batch2] [GATE3] epi determinism (fast+epi@g=1.0 x2): MAE=0 max_abs=0
[test_diffusion_batch2] sweep g=1 (fast+epi)-vs-fast: MAE=0.0307191 max_abs=2 SSIM=0.999467 [GATE4 >=0.999]
[test_diffusion_batch2] sweep g=3 (fast+epi)-vs-fast: MAE=0.0857855 max_abs=6 SSIM=0.9988 (characterization)
[test_diffusion_batch2] sweep g=7.5 (fast+epi)-vs-fast: MAE=0.288295 max_abs=17 SSIM=0.996795 (characterization)
[test_diffusion_batch2] [GATE5] off(default) cat_resnet_sec: run1=0.216794s  rerun=0.21244s  ratio=0.979915  (gens in pipeline=4, sentinel cleared, required: sentinel cleared and ratio<1.5)
[test_diffusion_batch2] [GATE5] fast+epi cat_resnet_sec: run1=0.196416s  rerun=0.174162s  ratio=0.886699  (gens in pipeline=4, sentinel cleared, required: sentinel cleared and ratio<1.5)
[test_diffusion_batch2] parity PASSED (GATE2 batch2 g=1.0 SSIM=0.999474 / GATE4 epilogue g=1.0 SSIM=0.999467 >= 0.999・GATE1/GATE3 determinism bit-exact)
[test_diffusion_batch2] BENCH steps=20 guidance=7.5 iters=1 (warmup1・min 採用・VAE 共通込み e2e)

===== DOLLAMA_PROFILE / generate_txt2img (CFG path) -- ABSOLUTE SECONDS ONLY =====
  diffusion steps=20   unet forwards (launch_unet_impl calls)=40   batch2=0
  NOTE: with batch2 one diffusion step is ONE batched forward (B=2);
        with default one diffusion step is TWO forwards (cond + uncond, B=1).
        Do not compare these seconds across configs: the per-step work differs.
  NOTE: percent columns and the TOTAL row are absent on purpose --
        total_sec is NOT measured on this path (see generate() for that).
  weight upload+malloc             n/a (outside this window; a 0 here is NOT evidence of warm)
  UNet step total (all forwards)      13.271 s
      [stage group, wall]
      embed                            0.013 s
      down                             4.677 s
      mid                              1.190 s
      up                               7.369 s
      conv_out                         0.022 s
      [kernel category, orthogonal to stage groups]
      resnet (conv/groupnorm)          1.078 s
      transformer (attn/gemm)         11.987 s
        -> attention only              9.421 s   (subset of transformer)
  VAE decode                       n/a (not timed on this path)
  host roundtrip                   n/a (not timed on this path)
==================================================================================


===== DOLLAMA_PROFILE / generate_txt2img (CFG path) -- ABSOLUTE SECONDS ONLY =====
  diffusion steps=20   unet forwards (launch_unet_impl calls)=40   batch2=0
  NOTE: with batch2 one diffusion step is ONE batched forward (B=2);
        with default one diffusion step is TWO forwards (cond + uncond, B=1).
        Do not compare these seconds across configs: the per-step work differs.
  NOTE: percent columns and the TOTAL row are absent on purpose --
        total_sec is NOT measured on this path (see generate() for that).
  weight upload+malloc             n/a (outside this window; a 0 here is NOT evidence of warm)
  UNet step total (all forwards)      13.023 s
      [stage group, wall]
      embed                            0.013 s
      down                             4.574 s
      mid                              1.166 s
      up                               7.248 s
      conv_out                         0.022 s
      [kernel category, orthogonal to stage groups]
      resnet (conv/groupnorm)          1.060 s
      transformer (attn/gemm)         11.760 s
        -> attention only              9.240 s   (subset of transformer)
  VAE decode                       n/a (not timed on this path)
  host roundtrip                   n/a (not timed on this path)
==================================================================================

[ALLOC] arena=unet cap=6080MiB reserved=6080MiB live_peak=5914MiB cursor_peak=5914MiB chunks=1 cudaMalloc=5 cudaFree=4 alloc=185560
[ALLOC] arena=unet_persist cap=176MiB reserved=176MiB live_peak=137MiB cursor_peak=137MiB chunks=1 cudaMalloc=5 cudaFree=4 alloc=1824

===== DOLLAMA_PROFILE / generate_txt2img (CFG path) -- ABSOLUTE SECONDS ONLY =====
  diffusion steps=20   unet forwards (launch_unet_impl calls)=20   batch2=1
  NOTE: with batch2 one diffusion step is ONE batched forward (B=2);
        with default one diffusion step is TWO forwards (cond + uncond, B=1).
        Do not compare these seconds across configs: the per-step work differs.
  NOTE: percent columns and the TOTAL row are absent on purpose --
        total_sec is NOT measured on this path (see generate() for that).
  weight upload+malloc             n/a (outside this window; a 0 here is NOT evidence of warm)
  UNet step total (all forwards)      10.158 s
      [stage group, wall]
      embed                            0.008 s
      down                             3.555 s
      mid                              0.877 s
      up                               5.701 s
      conv_out                         0.017 s
      [kernel category, orthogonal to stage groups]
      resnet (conv/groupnorm)          1.013 s
      transformer (attn/gemm)          8.952 s
        -> attention only              6.575 s   (subset of transformer)
  VAE decode                       n/a (not timed on this path)
  host roundtrip                   n/a (not timed on this path)
==================================================================================


===== DOLLAMA_PROFILE / generate_txt2img (CFG path) -- ABSOLUTE SECONDS ONLY =====
  diffusion steps=20   unet forwards (launch_unet_impl calls)=20   batch2=1
  NOTE: with batch2 one diffusion step is ONE batched forward (B=2);
        with default one diffusion step is TWO forwards (cond + uncond, B=1).
        Do not compare these seconds across configs: the per-step work differs.
  NOTE: percent columns and the TOTAL row are absent on purpose --
        total_sec is NOT measured on this path (see generate() for that).
  weight upload+malloc             n/a (outside this window; a 0 here is NOT evidence of warm)
  UNet step total (all forwards)       9.916 s
      [stage group, wall]
      embed                            0.008 s
      down                             3.463 s
      mid                              0.854 s
      up                               5.574 s
      conv_out                         0.017 s
      [kernel category, orthogonal to stage groups]
      resnet (conv/groupnorm)          0.994 s
      transformer (attn/gemm)          8.732 s
        -> attention only              6.408 s   (subset of transformer)
  VAE decode                       n/a (not timed on this path)
  host roundtrip                   n/a (not timed on this path)
==================================================================================

[ALLOC] arena=unet cap=6080MiB reserved=6080MiB live_peak=5914MiB cursor_peak=5914MiB chunks=1 cudaMalloc=6 cudaFree=5 alloc=234284
[ALLOC] arena=unet_persist cap=176MiB reserved=176MiB live_peak=137MiB cursor_peak=137MiB chunks=1 cudaMalloc=6 cudaFree=5 alloc=2304

===== DOLLAMA_PROFILE / generate_txt2img (CFG path) -- ABSOLUTE SECONDS ONLY =====
  diffusion steps=20   unet forwards (launch_unet_impl calls)=20   batch2=1
  NOTE: with batch2 one diffusion step is ONE batched forward (B=2);
        with default one diffusion step is TWO forwards (cond + uncond, B=1).
        Do not compare these seconds across configs: the per-step work differs.
  NOTE: percent columns and the TOTAL row are absent on purpose --
        total_sec is NOT measured on this path (see generate() for that).
  weight upload+malloc             n/a (outside this window; a 0 here is NOT evidence of warm)
  UNet step total (all forwards)      10.051 s
      [stage group, wall]
      embed                            0.008 s
      down                             3.541 s
      mid                              0.875 s
      up                               5.612 s
      conv_out                         0.015 s
      [kernel category, orthogonal to stage groups]
      resnet (conv/groupnorm)          0.892 s
      transformer (attn/gemm)          8.969 s
        -> attention only              6.592 s   (subset of transformer)
  VAE decode                       n/a (not timed on this path)
  host roundtrip                   n/a (not timed on this path)
==================================================================================


===== DOLLAMA_PROFILE / generate_txt2img (CFG path) -- ABSOLUTE SECONDS ONLY =====
  diffusion steps=20   unet forwards (launch_unet_impl calls)=20   batch2=1
  NOTE: with batch2 one diffusion step is ONE batched forward (B=2);
        with default one diffusion step is TWO forwards (cond + uncond, B=1).
        Do not compare these seconds across configs: the per-step work differs.
  NOTE: percent columns and the TOTAL row are absent on purpose --
        total_sec is NOT measured on this path (see generate() for that).
  weight upload+malloc             n/a (outside this window; a 0 here is NOT evidence of warm)
  UNet step total (all forwards)       9.811 s
      [stage group, wall]
      embed                            0.008 s
      down                             3.426 s
      mid                              0.858 s
      up                               5.505 s
      conv_out                         0.015 s
      [kernel category, orthogonal to stage groups]
      resnet (conv/groupnorm)          0.873 s
      transformer (attn/gemm)          8.750 s
        -> attention only              6.420 s   (subset of transformer)
  VAE decode                       n/a (not timed on this path)
  host roundtrip                   n/a (not timed on this path)
==================================================================================

[ALLOC] arena=unet cap=6080MiB reserved=6080MiB live_peak=5914MiB cursor_peak=5914MiB chunks=1 cudaMalloc=7 cudaFree=6 alloc=283008
[ALLOC] arena=unet_persist cap=176MiB reserved=176MiB live_peak=137MiB cursor_peak=137MiB chunks=1 cudaMalloc=7 cudaFree=6 alloc=2784
[test_diffusion_batch2] BENCH e2e (min ms): default=14042.8 attn+batch2(composite / not CLI-reachable)=10925.5 fast+epilogue(shipping `--fast`)=10838
[test_diffusion_batch2] BENCH speedup vs default: attn+batch2 x1.28532  fast+epi(shipping) x1.2957  (速度はハード合否を課さない・監視のみ)
[test_diffusion_batch2] BENCH (fast+epi) vs attn+batch2 @g=7.5: MAE=4.30948 max_abs=208 SSIM=0.942963 (characterization・合否なし / ハード判定は parity 節 GATE4 @g=1.0)
[test_diffusion_batch2] BENCH (fast+epi) vs default @g=7.5: MAE=1.16512 max_abs=109 SSIM=0.993141 (characterization・合否なし / batch2+epilogue の CFG 増幅込み総和)
[test_diffusion_batch2] ALL PASSED
end(local)   = 2026-09-16 23:49:10 +09:00
nvidia-smi (post) = 1060 MiB, 55, 2827 MHz, 184.28 W
exit=0
